Analysis & Synthesis report for alu
Thu Nov 14 14:49:36 2024
Quartus Prime Version 20.1.1 Build 720 11/11/2020 SJ Lite Edition


---------------------
; Table of Contents ;
---------------------
  1. Legal Notice
  2. Analysis & Synthesis Summary
  3. Analysis & Synthesis Settings
  4. Parallel Compilation
  5. Analysis & Synthesis Source Files Read
  6. Analysis & Synthesis Resource Usage Summary
  7. Analysis & Synthesis Resource Utilization by Entity
  8. General Register Statistics
  9. Port Connectivity Checks: "mux_2inputs:instance_yor"
 10. Post-Synthesis Netlist Statistics for Top Partition
 11. Elapsed Time Per Partition
 12. Analysis & Synthesis Messages



----------------
; Legal Notice ;
----------------
Copyright (C) 2020  Intel Corporation. All rights reserved.
Your use of Intel Corporation's design tools, logic functions 
and other software and tools, and any partner logic 
functions, and any output files from any of the foregoing 
(including device programming or simulation files), and any 
associated documentation or information are expressly subject 
to the terms and conditions of the Intel Program License 
Subscription Agreement, the Intel Quartus Prime License Agreement,
the Intel FPGA IP License Agreement, or other applicable license
agreement, including, without limitation, that your use is for
the sole purpose of programming logic devices manufactured by
Intel and sold by Intel or its authorized distributors.  Please
refer to the applicable agreement for further details, at
https://fpgasoftware.intel.com/eula.



+----------------------------------------------------------------------------------+
; Analysis & Synthesis Summary                                                     ;
+------------------------------------+---------------------------------------------+
; Analysis & Synthesis Status        ; Successful - Thu Nov 14 14:49:36 2024       ;
; Quartus Prime Version              ; 20.1.1 Build 720 11/11/2020 SJ Lite Edition ;
; Revision Name                      ; alu                                         ;
; Top-level Entity Name              ; alu                                         ;
; Family                             ; MAX 10                                      ;
; Total logic elements               ; 31                                          ;
;     Total combinational functions  ; 31                                          ;
;     Dedicated logic registers      ; 0                                           ;
; Total registers                    ; 0                                           ;
; Total pins                         ; 22                                          ;
; Total virtual pins                 ; 0                                           ;
; Total memory bits                  ; 0                                           ;
; Embedded Multiplier 9-bit elements ; 0                                           ;
; Total PLLs                         ; 0                                           ;
; UFM blocks                         ; 0                                           ;
; ADC blocks                         ; 0                                           ;
+------------------------------------+---------------------------------------------+


+------------------------------------------------------------------------------------------------------------+
; Analysis & Synthesis Settings                                                                              ;
+------------------------------------------------------------------+--------------------+--------------------+
; Option                                                           ; Setting            ; Default Value      ;
+------------------------------------------------------------------+--------------------+--------------------+
; Device                                                           ; 10M50DAF484C6GES   ;                    ;
; Top-level entity name                                            ; alu                ; alu                ;
; Family name                                                      ; MAX 10             ; Cyclone V          ;
; Use smart compilation                                            ; Off                ; Off                ;
; Enable parallel Assembler and Timing Analyzer during compilation ; On                 ; On                 ;
; Enable compact report table                                      ; Off                ; Off                ;
; Restructure Multiplexers                                         ; Auto               ; Auto               ;
; Create Debugging Nodes for IP Cores                              ; Off                ; Off                ;
; Preserve fewer node names                                        ; On                 ; On                 ;
; Intel FPGA IP Evaluation Mode                                    ; Enable             ; Enable             ;
; Verilog Version                                                  ; Verilog_2001       ; Verilog_2001       ;
; VHDL Version                                                     ; VHDL_1993          ; VHDL_1993          ;
; State Machine Processing                                         ; Auto               ; Auto               ;
; Safe State Machine                                               ; Off                ; Off                ;
; Extract Verilog State Machines                                   ; On                 ; On                 ;
; Extract VHDL State Machines                                      ; On                 ; On                 ;
; Ignore Verilog initial constructs                                ; Off                ; Off                ;
; Iteration limit for constant Verilog loops                       ; 5000               ; 5000               ;
; Iteration limit for non-constant Verilog loops                   ; 250                ; 250                ;
; Add Pass-Through Logic to Inferred RAMs                          ; On                 ; On                 ;
; Infer RAMs from Raw Logic                                        ; On                 ; On                 ;
; Parallel Synthesis                                               ; On                 ; On                 ;
; DSP Block Balancing                                              ; Auto               ; Auto               ;
; NOT Gate Push-Back                                               ; On                 ; On                 ;
; Power-Up Don't Care                                              ; On                 ; On                 ;
; Remove Redundant Logic Cells                                     ; Off                ; Off                ;
; Remove Duplicate Registers                                       ; On                 ; On                 ;
; Ignore CARRY Buffers                                             ; Off                ; Off                ;
; Ignore CASCADE Buffers                                           ; Off                ; Off                ;
; Ignore GLOBAL Buffers                                            ; Off                ; Off                ;
; Ignore ROW GLOBAL Buffers                                        ; Off                ; Off                ;
; Ignore LCELL Buffers                                             ; Off                ; Off                ;
; Ignore SOFT Buffers                                              ; On                 ; On                 ;
; Limit AHDL Integers to 32 Bits                                   ; Off                ; Off                ;
; Optimization Technique                                           ; Balanced           ; Balanced           ;
; Carry Chain Length                                               ; 70                 ; 70                 ;
; Auto Carry Chains                                                ; On                 ; On                 ;
; Auto Open-Drain Pins                                             ; On                 ; On                 ;
; Perform WYSIWYG Primitive Resynthesis                            ; Off                ; Off                ;
; Auto ROM Replacement                                             ; On                 ; On                 ;
; Auto RAM Replacement                                             ; On                 ; On                 ;
; Auto DSP Block Replacement                                       ; On                 ; On                 ;
; Auto Shift Register Replacement                                  ; Auto               ; Auto               ;
; Allow Shift Register Merging across Hierarchies                  ; Auto               ; Auto               ;
; Auto Clock Enable Replacement                                    ; On                 ; On                 ;
; Strict RAM Replacement                                           ; Off                ; Off                ;
; Allow Synchronous Control Signals                                ; On                 ; On                 ;
; Force Use of Synchronous Clear Signals                           ; Off                ; Off                ;
; Auto RAM Block Balancing                                         ; On                 ; On                 ;
; Auto RAM to Logic Cell Conversion                                ; Off                ; Off                ;
; Auto Resource Sharing                                            ; Off                ; Off                ;
; Allow Any RAM Size For Recognition                               ; Off                ; Off                ;
; Allow Any ROM Size For Recognition                               ; Off                ; Off                ;
; Allow Any Shift Register Size For Recognition                    ; Off                ; Off                ;
; Use LogicLock Constraints during Resource Balancing              ; On                 ; On                 ;
; Ignore translate_off and synthesis_off directives                ; Off                ; Off                ;
; Timing-Driven Synthesis                                          ; On                 ; On                 ;
; Report Parameter Settings                                        ; On                 ; On                 ;
; Report Source Assignments                                        ; On                 ; On                 ;
; Report Connectivity Checks                                       ; On                 ; On                 ;
; Ignore Maximum Fan-Out Assignments                               ; Off                ; Off                ;
; Synchronization Register Chain Length                            ; 2                  ; 2                  ;
; Power Optimization During Synthesis                              ; Normal compilation ; Normal compilation ;
; HDL message level                                                ; Level2             ; Level2             ;
; Suppress Register Optimization Related Messages                  ; Off                ; Off                ;
; Number of Removed Registers Reported in Synthesis Report         ; 5000               ; 5000               ;
; Number of Swept Nodes Reported in Synthesis Report               ; 5000               ; 5000               ;
; Number of Inverted Registers Reported in Synthesis Report        ; 100                ; 100                ;
; Clock MUX Protection                                             ; On                 ; On                 ;
; Auto Gated Clock Conversion                                      ; Off                ; Off                ;
; Block Design Naming                                              ; Auto               ; Auto               ;
; SDC constraint protection                                        ; Off                ; Off                ;
; Synthesis Effort                                                 ; Auto               ; Auto               ;
; Shift Register Replacement - Allow Asynchronous Clear Signal     ; On                 ; On                 ;
; Pre-Mapping Resynthesis Optimization                             ; Off                ; Off                ;
; Analysis & Synthesis Message Level                               ; Medium             ; Medium             ;
; Disable Register Merging Across Hierarchies                      ; Auto               ; Auto               ;
; Resource Aware Inference For Block RAM                           ; On                 ; On                 ;
+------------------------------------------------------------------+--------------------+--------------------+


+------------------------------------------+
; Parallel Compilation                     ;
+----------------------------+-------------+
; Processors                 ; Number      ;
+----------------------------+-------------+
; Number detected on machine ; 4           ;
; Maximum allowed            ; 2           ;
;                            ;             ;
; Average used               ; 1.00        ;
; Maximum used               ; 1           ;
;                            ;             ;
; Usage by Processor         ; % Time Used ;
;     Processor 1            ; 100.0%      ;
+----------------------------+-------------+


+-----------------------------------------------------------------------------------------------------------------------------------------------------------------------------------------+
; Analysis & Synthesis Source Files Read                                                                                                                                                  ;
+--------------------------------------------+-----------------+-----------------+----------------------------------------------------------------------------------------------+---------+
; File Name with User-Entered Path           ; Used in Netlist ; File Type       ; File Name with Absolute Path                                                                 ; Library ;
+--------------------------------------------+-----------------+-----------------+----------------------------------------------------------------------------------------------+---------+
; flags/odd_parity_checker.vhd               ; yes             ; User VHDL File  ; C:/dev/Quartus/SEM1.LSD.AV2.ARITHMETIC-LOGIC-UNIT/flags/odd_parity_checker.vhd               ;         ;
; logic_module/nand_gate.vhd                 ; yes             ; User VHDL File  ; C:/dev/Quartus/SEM1.LSD.AV2.ARITHMETIC-LOGIC-UNIT/logic_module/nand_gate.vhd                 ;         ;
; logic_module/mux_4inputs.vhd               ; yes             ; User VHDL File  ; C:/dev/Quartus/SEM1.LSD.AV2.ARITHMETIC-LOGIC-UNIT/logic_module/mux_4inputs.vhd               ;         ;
; logic_module/logical_shift_right.vhd       ; yes             ; User VHDL File  ; C:/dev/Quartus/SEM1.LSD.AV2.ARITHMETIC-LOGIC-UNIT/logic_module/logical_shift_right.vhd       ;         ;
; logic_module/logical_shift_left.vhd        ; yes             ; User VHDL File  ; C:/dev/Quartus/SEM1.LSD.AV2.ARITHMETIC-LOGIC-UNIT/logic_module/logical_shift_left.vhd        ;         ;
; logic_module/logic_module.vhd              ; yes             ; User VHDL File  ; C:/dev/Quartus/SEM1.LSD.AV2.ARITHMETIC-LOGIC-UNIT/logic_module/logic_module.vhd              ;         ;
; logic_module/arithmetic_shift_right.vhd    ; yes             ; User VHDL File  ; C:/dev/Quartus/SEM1.LSD.AV2.ARITHMETIC-LOGIC-UNIT/logic_module/arithmetic_shift_right.vhd    ;         ;
; arithmetic_unit/inner_arithmetic.vhd       ; yes             ; User VHDL File  ; C:/dev/Quartus/SEM1.LSD.AV2.ARITHMETIC-LOGIC-UNIT/arithmetic_unit/inner_arithmetic.vhd       ;         ;
; arithmetic_unit/half_adder.vhd             ; yes             ; User VHDL File  ; C:/dev/Quartus/SEM1.LSD.AV2.ARITHMETIC-LOGIC-UNIT/arithmetic_unit/half_adder.vhd             ;         ;
; arithmetic_unit/full_adder.vhd             ; yes             ; User VHDL File  ; C:/dev/Quartus/SEM1.LSD.AV2.ARITHMETIC-LOGIC-UNIT/arithmetic_unit/full_adder.vhd             ;         ;
; arithmetic_unit/flags.vhd                  ; yes             ; User VHDL File  ; C:/dev/Quartus/SEM1.LSD.AV2.ARITHMETIC-LOGIC-UNIT/arithmetic_unit/flags.vhd                  ;         ;
; arithmetic_unit/arithmeticunit.vhd         ; yes             ; User VHDL File  ; C:/dev/Quartus/SEM1.LSD.AV2.ARITHMETIC-LOGIC-UNIT/arithmetic_unit/arithmeticunit.vhd         ;         ;
; arithmetic_unit/adder_subtractor_4bits.vhd ; yes             ; User VHDL File  ; C:/dev/Quartus/SEM1.LSD.AV2.ARITHMETIC-LOGIC-UNIT/arithmetic_unit/adder_subtractor_4bits.vhd ;         ;
; mux_2inputs.vhd                            ; yes             ; User VHDL File  ; C:/dev/Quartus/SEM1.LSD.AV2.ARITHMETIC-LOGIC-UNIT/mux_2inputs.vhd                            ;         ;
; decoder.vhd                                ; yes             ; User VHDL File  ; C:/dev/Quartus/SEM1.LSD.AV2.ARITHMETIC-LOGIC-UNIT/decoder.vhd                                ;         ;
; alu.vhd                                    ; yes             ; User VHDL File  ; C:/dev/Quartus/SEM1.LSD.AV2.ARITHMETIC-LOGIC-UNIT/alu.vhd                                    ;         ;
; flags/flags.vhd                            ; yes             ; User VHDL File  ; C:/dev/Quartus/SEM1.LSD.AV2.ARITHMETIC-LOGIC-UNIT/flags/flags.vhd                            ;         ;
+--------------------------------------------+-----------------+-----------------+----------------------------------------------------------------------------------------------+---------+


+---------------------------------------------------------------------+
; Analysis & Synthesis Resource Usage Summary                         ;
+---------------------------------------------+-----------------------+
; Resource                                    ; Usage                 ;
+---------------------------------------------+-----------------------+
; Estimated Total logic elements              ; 31                    ;
;                                             ;                       ;
; Total combinational functions               ; 31                    ;
; Logic element usage by number of LUT inputs ;                       ;
;     -- 4 input functions                    ; 24                    ;
;     -- 3 input functions                    ; 3                     ;
;     -- <=2 input functions                  ; 4                     ;
;                                             ;                       ;
; Logic elements by mode                      ;                       ;
;     -- normal mode                          ; 31                    ;
;     -- arithmetic mode                      ; 0                     ;
;                                             ;                       ;
; Total registers                             ; 0                     ;
;     -- Dedicated logic registers            ; 0                     ;
;     -- I/O registers                        ; 0                     ;
;                                             ;                       ;
; I/O pins                                    ; 22                    ;
;                                             ;                       ;
; Embedded Multiplier 9-bit elements          ; 0                     ;
;                                             ;                       ;
; Maximum fan-out node                        ; operation_bit_0~input ;
; Maximum fan-out                             ; 15                    ;
; Total fan-out                               ; 145                   ;
; Average fan-out                             ; 1.93                  ;
+---------------------------------------------+-----------------------+


+-----------------------------------------------------------------------------------------------------------------------------------------------------------------------------------------------------------------------------------------------------------------------------------------------------------------------------------------------------------------------------------------------------------------------------------------------------------------------------------+
; Analysis & Synthesis Resource Utilization by Entity                                                                                                                                                                                                                                                                                                                                                                                                                               ;
+-------------------------------------------------------------------+---------------------+---------------------------+-------------+------------+--------------+---------+-----------+------+--------------+------------+------------------------------------------------------------------------------------------------------------------------------------------------------------------------------------------------------------------+------------------------+--------------+
; Compilation Hierarchy Node                                        ; Combinational ALUTs ; Dedicated Logic Registers ; Memory Bits ; UFM Blocks ; DSP Elements ; DSP 9x9 ; DSP 18x18 ; Pins ; Virtual Pins ; ADC blocks ; Full Hierarchy Name                                                                                                                                                                                              ; Entity Name            ; Library Name ;
+-------------------------------------------------------------------+---------------------+---------------------------+-------------+------------+--------------+---------+-----------+------+--------------+------------+------------------------------------------------------------------------------------------------------------------------------------------------------------------------------------------------------------------+------------------------+--------------+
; |alu                                                              ; 31 (0)              ; 0 (0)                     ; 0           ; 0          ; 0            ; 0       ; 0         ; 22   ; 0            ; 0          ; |alu                                                                                                                                                                                                             ; alu                    ; work         ;
;    |arithmeticunit:instance_arithmetic_unit|                      ; 8 (0)               ; 0 (0)                     ; 0           ; 0          ; 0            ; 0       ; 0         ; 0    ; 0            ; 0          ; |alu|arithmeticunit:instance_arithmetic_unit                                                                                                                                                                     ; arithmeticunit         ; work         ;
;       |flags:instance_flags|                                      ; 1 (1)               ; 0 (0)                     ; 0           ; 0          ; 0            ; 0       ; 0         ; 0    ; 0            ; 0          ; |alu|arithmeticunit:instance_arithmetic_unit|flags:instance_flags                                                                                                                                                ; flags                  ; work         ;
;       |inner_arithmetic:instance_inner_arithmetic|                ; 7 (0)               ; 0 (0)                     ; 0           ; 0          ; 0            ; 0       ; 0         ; 0    ; 0            ; 0          ; |alu|arithmeticunit:instance_arithmetic_unit|inner_arithmetic:instance_inner_arithmetic                                                                                                                          ; inner_arithmetic       ; work         ;
;          |adder_subtractor_4bits:instance_adder_subtractor_4bits| ; 7 (0)               ; 0 (0)                     ; 0           ; 0          ; 0            ; 0       ; 0         ; 0    ; 0            ; 0          ; |alu|arithmeticunit:instance_arithmetic_unit|inner_arithmetic:instance_inner_arithmetic|adder_subtractor_4bits:instance_adder_subtractor_4bits                                                                   ; adder_subtractor_4bits ; work         ;
;             |full_adder:instance_full_adder_1|                    ; 1 (1)               ; 0 (0)                     ; 0           ; 0          ; 0            ; 0       ; 0         ; 0    ; 0            ; 0          ; |alu|arithmeticunit:instance_arithmetic_unit|inner_arithmetic:instance_inner_arithmetic|adder_subtractor_4bits:instance_adder_subtractor_4bits|full_adder:instance_full_adder_1                                  ; full_adder             ; work         ;
;             |full_adder:instance_full_adder_2|                    ; 2 (1)               ; 0 (0)                     ; 0           ; 0          ; 0            ; 0       ; 0         ; 0    ; 0            ; 0          ; |alu|arithmeticunit:instance_arithmetic_unit|inner_arithmetic:instance_inner_arithmetic|adder_subtractor_4bits:instance_adder_subtractor_4bits|full_adder:instance_full_adder_2                                  ; full_adder             ; work         ;
;                |half_adder:instance_half_adder_2|                 ; 1 (1)               ; 0 (0)                     ; 0           ; 0          ; 0            ; 0       ; 0         ; 0    ; 0            ; 0          ; |alu|arithmeticunit:instance_arithmetic_unit|inner_arithmetic:instance_inner_arithmetic|adder_subtractor_4bits:instance_adder_subtractor_4bits|full_adder:instance_full_adder_2|half_adder:instance_half_adder_2 ; half_adder             ; work         ;
;             |full_adder:instance_full_adder_3|                    ; 2 (1)               ; 0 (0)                     ; 0           ; 0          ; 0            ; 0       ; 0         ; 0    ; 0            ; 0          ; |alu|arithmeticunit:instance_arithmetic_unit|inner_arithmetic:instance_inner_arithmetic|adder_subtractor_4bits:instance_adder_subtractor_4bits|full_adder:instance_full_adder_3                                  ; full_adder             ; work         ;
;                |half_adder:instance_half_adder_2|                 ; 1 (1)               ; 0 (0)                     ; 0           ; 0          ; 0            ; 0       ; 0         ; 0    ; 0            ; 0          ; |alu|arithmeticunit:instance_arithmetic_unit|inner_arithmetic:instance_inner_arithmetic|adder_subtractor_4bits:instance_adder_subtractor_4bits|full_adder:instance_full_adder_3|half_adder:instance_half_adder_2 ; half_adder             ; work         ;
;             |full_adder:instance_full_adder_4|                    ; 2 (1)               ; 0 (0)                     ; 0           ; 0          ; 0            ; 0       ; 0         ; 0    ; 0            ; 0          ; |alu|arithmeticunit:instance_arithmetic_unit|inner_arithmetic:instance_inner_arithmetic|adder_subtractor_4bits:instance_adder_subtractor_4bits|full_adder:instance_full_adder_4                                  ; full_adder             ; work         ;
;                |half_adder:instance_half_adder_2|                 ; 1 (1)               ; 0 (0)                     ; 0           ; 0          ; 0            ; 0       ; 0         ; 0    ; 0            ; 0          ; |alu|arithmeticunit:instance_arithmetic_unit|inner_arithmetic:instance_inner_arithmetic|adder_subtractor_4bits:instance_adder_subtractor_4bits|full_adder:instance_full_adder_4|half_adder:instance_half_adder_2 ; half_adder             ; work         ;
;    |flags_main:instance_flags|                                    ; 7 (5)               ; 0 (0)                     ; 0           ; 0          ; 0            ; 0       ; 0         ; 0    ; 0            ; 0          ; |alu|flags_main:instance_flags                                                                                                                                                                                   ; flags_main             ; work         ;
;       |odd_parity_checker:instance_odd_parity_checker|            ; 2 (2)               ; 0 (0)                     ; 0           ; 0          ; 0            ; 0       ; 0         ; 0    ; 0            ; 0          ; |alu|flags_main:instance_flags|odd_parity_checker:instance_odd_parity_checker                                                                                                                                    ; odd_parity_checker     ; work         ;
;    |mux_2inputs:instance_mux|                                     ; 12 (12)             ; 0 (0)                     ; 0           ; 0          ; 0            ; 0       ; 0         ; 0    ; 0            ; 0          ; |alu|mux_2inputs:instance_mux                                                                                                                                                                                    ; mux_2inputs            ; work         ;
;    |mux_2inputs:instance_yor|                                     ; 4 (4)               ; 0 (0)                     ; 0           ; 0          ; 0            ; 0       ; 0         ; 0    ; 0            ; 0          ; |alu|mux_2inputs:instance_yor                                                                                                                                                                                    ; mux_2inputs            ; work         ;
+-------------------------------------------------------------------+---------------------+---------------------------+-------------+------------+--------------+---------+-----------+------+--------------+------------+------------------------------------------------------------------------------------------------------------------------------------------------------------------------------------------------------------------+------------------------+--------------+
Note: For table entries with two numbers listed, the numbers in parentheses indicate the number of resources of the given type used by the specific entity alone. The numbers listed outside of parentheses indicate the total resources of the given type used by the specific entity and all of its sub-entities in the hierarchy.


+------------------------------------------------------+
; General Register Statistics                          ;
+----------------------------------------------+-------+
; Statistic                                    ; Value ;
+----------------------------------------------+-------+
; Total registers                              ; 0     ;
; Number of registers using Synchronous Clear  ; 0     ;
; Number of registers using Synchronous Load   ; 0     ;
; Number of registers using Asynchronous Clear ; 0     ;
; Number of registers using Asynchronous Load  ; 0     ;
; Number of registers using Clock Enable       ; 0     ;
; Number of registers using Preset             ; 0     ;
+----------------------------------------------+-------+


+------------------------------------------------------+
; Port Connectivity Checks: "mux_2inputs:instance_yor" ;
+------+-------+----------+----------------------------+
; Port ; Type  ; Severity ; Details                    ;
+------+-------+----------+----------------------------+
; b    ; Input ; Info     ; Stuck at GND               ;
+------+-------+----------+----------------------------+


+-----------------------------------------------------+
; Post-Synthesis Netlist Statistics for Top Partition ;
+-----------------------+-----------------------------+
; Type                  ; Count                       ;
+-----------------------+-----------------------------+
; boundary_port         ; 22                          ;
; cycloneiii_lcell_comb ; 33                          ;
;     normal            ; 33                          ;
;         1 data inputs ; 2                           ;
;         2 data inputs ; 4                           ;
;         3 data inputs ; 3                           ;
;         4 data inputs ; 24                          ;
;                       ;                             ;
; Max LUT depth         ; 7.00                        ;
; Average LUT depth     ; 5.49                        ;
+-----------------------+-----------------------------+


+-------------------------------+
; Elapsed Time Per Partition    ;
+----------------+--------------+
; Partition Name ; Elapsed Time ;
+----------------+--------------+
; Top            ; 00:00:00     ;
+----------------+--------------+


+-------------------------------+
; Analysis & Synthesis Messages ;
+-------------------------------+
Info: *******************************************************************
Info: Running Quartus Prime Analysis & Synthesis
    Info: Version 20.1.1 Build 720 11/11/2020 SJ Lite Edition
    Info: Processing started: Thu Nov 14 14:49:22 2024
Info: Command: quartus_map --read_settings_files=on --write_settings_files=off alu -c alu
Warning (18236): Number of processors has not been specified which may cause overloading on shared machines.  Set the global assignment NUM_PARALLEL_PROCESSORS in your QSF to an appropriate value for best performance.
Info (20030): Parallel compilation is enabled and will use 2 of the 2 processors detected
Info (12021): Found 2 design units, including 1 entities, in source file flags/odd_parity_checker.vhd
    Info (12022): Found design unit 1: odd_parity_checker-structural File: C:/dev/Quartus/SEM1.LSD.AV2.ARITHMETIC-LOGIC-UNIT/flags/odd_parity_checker.vhd Line: 20
    Info (12023): Found entity 1: odd_parity_checker File: C:/dev/Quartus/SEM1.LSD.AV2.ARITHMETIC-LOGIC-UNIT/flags/odd_parity_checker.vhd Line: 5
Info (12021): Found 2 design units, including 1 entities, in source file logic_module/nand_gate.vhd
    Info (12022): Found design unit 1: nand_gate-structural File: C:/dev/Quartus/SEM1.LSD.AV2.ARITHMETIC-LOGIC-UNIT/logic_module/nand_gate.vhd Line: 16
    Info (12023): Found entity 1: nand_gate File: C:/dev/Quartus/SEM1.LSD.AV2.ARITHMETIC-LOGIC-UNIT/logic_module/nand_gate.vhd Line: 5
Info (12021): Found 2 design units, including 1 entities, in source file logic_module/mux_4inputs.vhd
    Info (12022): Found design unit 1: mux_4inputs-structural File: C:/dev/Quartus/SEM1.LSD.AV2.ARITHMETIC-LOGIC-UNIT/logic_module/mux_4inputs.vhd Line: 24
    Info (12023): Found entity 1: mux_4inputs File: C:/dev/Quartus/SEM1.LSD.AV2.ARITHMETIC-LOGIC-UNIT/logic_module/mux_4inputs.vhd Line: 6
Info (12021): Found 2 design units, including 1 entities, in source file logic_module/logical_shift_right.vhd
    Info (12022): Found design unit 1: logical_shift_right-structural File: C:/dev/Quartus/SEM1.LSD.AV2.ARITHMETIC-LOGIC-UNIT/logic_module/logical_shift_right.vhd Line: 19
    Info (12023): Found entity 1: logical_shift_right File: C:/dev/Quartus/SEM1.LSD.AV2.ARITHMETIC-LOGIC-UNIT/logic_module/logical_shift_right.vhd Line: 7
Info (12021): Found 2 design units, including 1 entities, in source file logic_module/logical_shift_left.vhd
    Info (12022): Found design unit 1: logical_shift_left-structural File: C:/dev/Quartus/SEM1.LSD.AV2.ARITHMETIC-LOGIC-UNIT/logic_module/logical_shift_left.vhd Line: 17
    Info (12023): Found entity 1: logical_shift_left File: C:/dev/Quartus/SEM1.LSD.AV2.ARITHMETIC-LOGIC-UNIT/logic_module/logical_shift_left.vhd Line: 6
Info (12021): Found 2 design units, including 1 entities, in source file logic_module/logic_module.vhd
    Info (12022): Found design unit 1: logic_module-behavioral File: C:/dev/Quartus/SEM1.LSD.AV2.ARITHMETIC-LOGIC-UNIT/logic_module/logic_module.vhd Line: 21
    Info (12023): Found entity 1: logic_module File: C:/dev/Quartus/SEM1.LSD.AV2.ARITHMETIC-LOGIC-UNIT/logic_module/logic_module.vhd Line: 5
Info (12021): Found 2 design units, including 1 entities, in source file logic_module/arithmetic_shift_right.vhd
    Info (12022): Found design unit 1: arithmetic_shift_right-structural File: C:/dev/Quartus/SEM1.LSD.AV2.ARITHMETIC-LOGIC-UNIT/logic_module/arithmetic_shift_right.vhd Line: 17
    Info (12023): Found entity 1: arithmetic_shift_right File: C:/dev/Quartus/SEM1.LSD.AV2.ARITHMETIC-LOGIC-UNIT/logic_module/arithmetic_shift_right.vhd Line: 6
Info (12021): Found 2 design units, including 1 entities, in source file arithmetic_unit/inner_arithmetic.vhd
    Info (12022): Found design unit 1: inner_arithmetic-behavioral File: C:/dev/Quartus/SEM1.LSD.AV2.ARITHMETIC-LOGIC-UNIT/arithmetic_unit/inner_arithmetic.vhd Line: 23
    Info (12023): Found entity 1: inner_arithmetic File: C:/dev/Quartus/SEM1.LSD.AV2.ARITHMETIC-LOGIC-UNIT/arithmetic_unit/inner_arithmetic.vhd Line: 7
Info (12021): Found 2 design units, including 1 entities, in source file arithmetic_unit/half_adder.vhd
    Info (12022): Found design unit 1: half_adder-structural File: C:/dev/Quartus/SEM1.LSD.AV2.ARITHMETIC-LOGIC-UNIT/arithmetic_unit/half_adder.vhd Line: 19
    Info (12023): Found entity 1: half_adder File: C:/dev/Quartus/SEM1.LSD.AV2.ARITHMETIC-LOGIC-UNIT/arithmetic_unit/half_adder.vhd Line: 6
Info (12021): Found 2 design units, including 1 entities, in source file arithmetic_unit/full_adder.vhd
    Info (12022): Found design unit 1: full_adder-behavioral File: C:/dev/Quartus/SEM1.LSD.AV2.ARITHMETIC-LOGIC-UNIT/arithmetic_unit/full_adder.vhd Line: 21
    Info (12023): Found entity 1: full_adder File: C:/dev/Quartus/SEM1.LSD.AV2.ARITHMETIC-LOGIC-UNIT/arithmetic_unit/full_adder.vhd Line: 6
Info (12021): Found 2 design units, including 1 entities, in source file arithmetic_unit/flags.vhd
    Info (12022): Found design unit 1: flags-behavioral File: C:/dev/Quartus/SEM1.LSD.AV2.ARITHMETIC-LOGIC-UNIT/arithmetic_unit/flags.vhd Line: 27
    Info (12023): Found entity 1: flags File: C:/dev/Quartus/SEM1.LSD.AV2.ARITHMETIC-LOGIC-UNIT/arithmetic_unit/flags.vhd Line: 7
Info (12021): Found 2 design units, including 1 entities, in source file arithmetic_unit/arithmeticunit.vhd
    Info (12022): Found design unit 1: arithmeticunit-behavioral File: C:/dev/Quartus/SEM1.LSD.AV2.ARITHMETIC-LOGIC-UNIT/arithmetic_unit/arithmeticunit.vhd Line: 24
    Info (12023): Found entity 1: arithmeticunit File: C:/dev/Quartus/SEM1.LSD.AV2.ARITHMETIC-LOGIC-UNIT/arithmetic_unit/arithmeticunit.vhd Line: 7
Info (12021): Found 2 design units, including 1 entities, in source file arithmetic_unit/adder_subtractor_4bits.vhd
    Info (12022): Found design unit 1: adder_subtractor_4bits-behavioral File: C:/dev/Quartus/SEM1.LSD.AV2.ARITHMETIC-LOGIC-UNIT/arithmetic_unit/adder_subtractor_4bits.vhd Line: 22
    Info (12023): Found entity 1: adder_subtractor_4bits File: C:/dev/Quartus/SEM1.LSD.AV2.ARITHMETIC-LOGIC-UNIT/arithmetic_unit/adder_subtractor_4bits.vhd Line: 7
Info (12021): Found 2 design units, including 1 entities, in source file mux_2inputs.vhd
    Info (12022): Found design unit 1: mux_2inputs-structural File: C:/dev/Quartus/SEM1.LSD.AV2.ARITHMETIC-LOGIC-UNIT/mux_2inputs.vhd Line: 21
    Info (12023): Found entity 1: mux_2inputs File: C:/dev/Quartus/SEM1.LSD.AV2.ARITHMETIC-LOGIC-UNIT/mux_2inputs.vhd Line: 6
Info (12021): Found 2 design units, including 1 entities, in source file decoder.vhd
    Info (12022): Found design unit 1: decoder-structural File: C:/dev/Quartus/SEM1.LSD.AV2.ARITHMETIC-LOGIC-UNIT/decoder.vhd Line: 24
    Info (12023): Found entity 1: decoder File: C:/dev/Quartus/SEM1.LSD.AV2.ARITHMETIC-LOGIC-UNIT/decoder.vhd Line: 6
Info (12021): Found 2 design units, including 1 entities, in source file alu.vhd
    Info (12022): Found design unit 1: alu-behavioral File: C:/dev/Quartus/SEM1.LSD.AV2.ARITHMETIC-LOGIC-UNIT/alu.vhd Line: 28
    Info (12023): Found entity 1: alu File: C:/dev/Quartus/SEM1.LSD.AV2.ARITHMETIC-LOGIC-UNIT/alu.vhd Line: 6
Info (12021): Found 2 design units, including 1 entities, in source file flags/flags.vhd
    Info (12022): Found design unit 1: flags_main-behavioral File: C:/dev/Quartus/SEM1.LSD.AV2.ARITHMETIC-LOGIC-UNIT/flags/flags.vhd Line: 23
    Info (12023): Found entity 1: flags_main File: C:/dev/Quartus/SEM1.LSD.AV2.ARITHMETIC-LOGIC-UNIT/flags/flags.vhd Line: 4
Info (12127): Elaborating entity "alu" for the top level hierarchy
Info (12128): Elaborating entity "decoder" for hierarchy "decoder:instance_decoder" File: C:/dev/Quartus/SEM1.LSD.AV2.ARITHMETIC-LOGIC-UNIT/alu.vhd Line: 135
Info (12128): Elaborating entity "mux_2inputs" for hierarchy "mux_2inputs:instance_yor" File: C:/dev/Quartus/SEM1.LSD.AV2.ARITHMETIC-LOGIC-UNIT/alu.vhd Line: 152
Info (12128): Elaborating entity "arithmeticunit" for hierarchy "arithmeticunit:instance_arithmetic_unit" File: C:/dev/Quartus/SEM1.LSD.AV2.ARITHMETIC-LOGIC-UNIT/alu.vhd Line: 164
Info (12128): Elaborating entity "inner_arithmetic" for hierarchy "arithmeticunit:instance_arithmetic_unit|inner_arithmetic:instance_inner_arithmetic" File: C:/dev/Quartus/SEM1.LSD.AV2.ARITHMETIC-LOGIC-UNIT/arithmetic_unit/arithmeticunit.vhd Line: 72
Info (12128): Elaborating entity "adder_subtractor_4bits" for hierarchy "arithmeticunit:instance_arithmetic_unit|inner_arithmetic:instance_inner_arithmetic|adder_subtractor_4bits:instance_adder_subtractor_4bits" File: C:/dev/Quartus/SEM1.LSD.AV2.ARITHMETIC-LOGIC-UNIT/arithmetic_unit/inner_arithmetic.vhd Line: 55
Info (12128): Elaborating entity "full_adder" for hierarchy "arithmeticunit:instance_arithmetic_unit|inner_arithmetic:instance_inner_arithmetic|adder_subtractor_4bits:instance_adder_subtractor_4bits|full_adder:instance_full_adder_1" File: C:/dev/Quartus/SEM1.LSD.AV2.ARITHMETIC-LOGIC-UNIT/arithmetic_unit/adder_subtractor_4bits.vhd Line: 53
Info (12128): Elaborating entity "half_adder" for hierarchy "arithmeticunit:instance_arithmetic_unit|inner_arithmetic:instance_inner_arithmetic|adder_subtractor_4bits:instance_adder_subtractor_4bits|full_adder:instance_full_adder_1|half_adder:instance_half_adder_1" File: C:/dev/Quartus/SEM1.LSD.AV2.ARITHMETIC-LOGIC-UNIT/arithmetic_unit/full_adder.vhd Line: 48
Info (12128): Elaborating entity "flags" for hierarchy "arithmeticunit:instance_arithmetic_unit|flags:instance_flags" File: C:/dev/Quartus/SEM1.LSD.AV2.ARITHMETIC-LOGIC-UNIT/arithmetic_unit/arithmeticunit.vhd Line: 88
Info (12128): Elaborating entity "logic_module" for hierarchy "logic_module:instance_logic_module" File: C:/dev/Quartus/SEM1.LSD.AV2.ARITHMETIC-LOGIC-UNIT/alu.vhd Line: 180
Info (12128): Elaborating entity "logical_shift_right" for hierarchy "logic_module:instance_logic_module|logical_shift_right:instance_logical_shift_right" File: C:/dev/Quartus/SEM1.LSD.AV2.ARITHMETIC-LOGIC-UNIT/logic_module/logic_module.vhd Line: 106
Info (12128): Elaborating entity "arithmetic_shift_right" for hierarchy "logic_module:instance_logic_module|arithmetic_shift_right:instance_arithmetic_shift_right" File: C:/dev/Quartus/SEM1.LSD.AV2.ARITHMETIC-LOGIC-UNIT/logic_module/logic_module.vhd Line: 116
Info (12128): Elaborating entity "logical_shift_left" for hierarchy "logic_module:instance_logic_module|logical_shift_left:instance_logical_shift_left" File: C:/dev/Quartus/SEM1.LSD.AV2.ARITHMETIC-LOGIC-UNIT/logic_module/logic_module.vhd Line: 127
Info (12128): Elaborating entity "nand_gate" for hierarchy "logic_module:instance_logic_module|nand_gate:instance_logical_nand_gate" File: C:/dev/Quartus/SEM1.LSD.AV2.ARITHMETIC-LOGIC-UNIT/logic_module/logic_module.vhd Line: 137
Info (12128): Elaborating entity "mux_4inputs" for hierarchy "logic_module:instance_logic_module|mux_4inputs:instance_mux_4inputs" File: C:/dev/Quartus/SEM1.LSD.AV2.ARITHMETIC-LOGIC-UNIT/logic_module/logic_module.vhd Line: 148
Info (12128): Elaborating entity "flags_main" for hierarchy "flags_main:instance_flags" File: C:/dev/Quartus/SEM1.LSD.AV2.ARITHMETIC-LOGIC-UNIT/alu.vhd Line: 207
Info (12128): Elaborating entity "odd_parity_checker" for hierarchy "flags_main:instance_flags|odd_parity_checker:instance_odd_parity_checker" File: C:/dev/Quartus/SEM1.LSD.AV2.ARITHMETIC-LOGIC-UNIT/flags/flags.vhd Line: 45
Info (286030): Timing-Driven Synthesis is running
Info (16010): Generating hard_block partition "hard_block:auto_generated_inst"
    Info (16011): Adding 0 node(s), including 0 DDIO, 0 PLL, 0 transceiver and 0 LCELL
Info (21057): Implemented 53 device resources after synthesis - the final resource count might be different
    Info (21058): Implemented 12 input pins
    Info (21059): Implemented 10 output pins
    Info (21061): Implemented 31 logic cells
Info: Quartus Prime Analysis & Synthesis was successful. 0 errors, 1 warning
    Info: Peak virtual memory: 4779 megabytes
    Info: Processing ended: Thu Nov 14 14:49:36 2024
    Info: Elapsed time: 00:00:14
    Info: Total CPU time (on all processors): 00:00:18


